// Jest Snapshot v1, https://goo.gl/fbAQLP

exports[`Noorse Box should render correct snapshots 1`] = `"<noorse-box header=\\"header\\"><!----> <div class=\\"box\\"><h1>header</h1> content</div></noorse-box>"`;
